
C:\Users\Ana>cd Documents

C:\Users\Ana\Documents>mkdir  SI_2024_lab1_196091

C:\Users\Ana\Documents>cd SI_2024_lab1_196091

C:\Users\Ana\Documents\SI_2024_lab1_196091>git init
Initialized empty Git repository in C:/Users/Ana/Documents/SI_2024_lab1_196091/.git/

C:\Users\Ana\Documents\SI_2024_lab1_196091>git status
On branch master

No commits yet

nothing to commit (create/copy files and use "git add" to track)

C:\Users\Ana\Documents\SI_2024_lab1_196091>git remote add origin https://github.com/ana18900/-SI_2024_lab1_196091.git

C:\Users\Ana\Documents\SI_2024_lab1_196091>git remote -v
origin  https://github.com/ana18900/-SI_2024_lab1_196091.git (fetch)
origin  https://github.com/ana18900/-SI_2024_lab1_196091.git (push)

C:\Users\Ana\Documents\SI_2024_lab1_196091>git config --global user.name
Ana

C:\Users\Ana\Documents\SI_2024_lab1_196091>git config --global user.email
ana.jovchevska@teaming.inteligenta.io

C:\Users\Ana\Documents\SI_2024_lab1_196091>git config --global user.email anajovcevska7@yahoo,com

C:\Users\Ana\Documents\SI_2024_lab1_196091>git config --global user.name
Ana

C:\Users\Ana\Documents\SI_2024_lab1_196091>git config --global user.email
anajovcevska7@yahoo,com

C:\Users\Ana\Documents\SI_2024_lab1_196091>git config --global user.email anajovcevska7@yahoo.com

C:\Users\Ana\Documents\SI_2024_lab1_196091>git config --global user.email
anajovcevska7@yahoo.com

C:\Users\Ana\Documents\SI_2024_lab1_196091>config --global user.name
'config' is not recognized as an internal or external command,
operable program or batch file.

C:\Users\Ana\Documents\SI_2024_lab1_196091>git config --global user.name
Ana

C:\Users\Ana\Documents\SI_2024_lab1_196091>nano README.md
'nano' is not recognized as an internal or external command,
operable program or batch file.

C:\Users\Ana\Documents\SI_2024_lab1_196091>nano.exe
'nano.exe' is not recognized as an internal or external command,
operable program or batch file.

C:\Users\Ana\Documents\SI_2024_lab1_196091>git status
On branch master

No commits yet

Untracked files:
  (use "git add <file>..." to include in what will be committed)
        README.md

nothing added to commit but untracked files present (use "git add" to track)

C:\Users\Ana\Documents\SI_2024_lab1_196091>git add README.md

C:\Users\Ana\Documents\SI_2024_lab1_196091>git commit -m " Initial commit"
[master (root-commit) 388a769]  Initial commit
 1 file changed, 1 insertion(+)
 create mode 100644 README.md

C:\Users\Ana\Documents\SI_2024_lab1_196091>git config --global user.name ana18900

C:\Users\Ana\Documents\SI_2024_lab1_196091>git config --global user.name
ana18900

C:\Users\Ana\Documents\SI_2024_lab1_196091>git branch -v
* master 388a769  Initial commit

C:\Users\Ana\Documents\SI_2024_lab1_196091>git push
fatal: The current branch master has no upstream branch.
To push the current branch and set the remote as upstream, use

    git push --set-upstream origin master

To have this happen automatically for branches without a tracking
upstream, see 'push.autoSetupRemote' in 'git help config'.


C:\Users\Ana\Documents\SI_2024_lab1_196091> git push --set-upstream origin master
info: please complete authentication in your browser...
To https://github.com/ana18900/-SI_2024_lab1_196091.git
 ! [rejected]        master -> master (fetch first)
error: failed to push some refs to 'https://github.com/ana18900/-SI_2024_lab1_196091.git'
hint: Updates were rejected because the remote contains work that you do not
hint: have locally. This is usually caused by another repository pushing to
hint: the same ref. If you want to integrate the remote changes, use
hint: 'git pull' before pushing again.
hint: See the 'Note about fast-forwards' in 'git push --help' for details.

C:\Users\Ana\Documents\SI_2024_lab1_196091>git pull
remote: Enumerating objects: 3, done.
remote: Counting objects: 100% (3/3), done.
remote: Total 3 (delta 0), reused 0 (delta 0), pack-reused 0
Unpacking objects: 100% (3/3), 871 bytes | 4.00 KiB/s, done.
From https://github.com/ana18900/-SI_2024_lab1_196091
 * [new branch]      master     -> origin/master
There is no tracking information for the current branch.
Please specify which branch you want to merge with.
See git-pull(1) for details.

    git pull <remote> <branch>

If you wish to set tracking information for this branch you can do so with:

    git branch --set-upstream-to=origin/<branch> master


C:\Users\Ana\Documents\SI_2024_lab1_196091>git push
fatal: The current branch master has no upstream branch.
To push the current branch and set the remote as upstream, use

    git push --set-upstream origin master

To have this happen automatically for branches without a tracking
upstream, see 'push.autoSetupRemote' in 'git help config'.


C:\Users\Ana\Documents\SI_2024_lab1_196091>git push --set-upstream origin master
To https://github.com/ana18900/-SI_2024_lab1_196091.git
 ! [rejected]        master -> master (non-fast-forward)
error: failed to push some refs to 'https://github.com/ana18900/-SI_2024_lab1_196091.git'
hint: Updates were rejected because the tip of your current branch is behind
hint: its remote counterpart. If you want to integrate the remote changes,
hint: use 'git pull' before pushing again.
hint: See the 'Note about fast-forwards' in 'git push --help' for details.

C:\Users\Ana\Documents\SI_2024_lab1_196091> git fetch origin

C:\Users\Ana\Documents\SI_2024_lab1_196091>git merge origin -SI_2024_lab1_196091
merge: origin - not something we can merge

C:\Users\Ana\Documents\SI_2024_lab1_196091>git add README.md

C:\Users\Ana\Documents\SI_2024_lab1_196091>git commit -m "Initial commit"
On branch master
nothing to commit, working tree clean

C:\Users\Ana\Documents\SI_2024_lab1_196091>git push
fatal: The current branch master has no upstream branch.
To push the current branch and set the remote as upstream, use

    git push --set-upstream origin master

To have this happen automatically for branches without a tracking
upstream, see 'push.autoSetupRemote' in 'git help config'.


C:\Users\Ana\Documents\SI_2024_lab1_196091>git push --set-upstream origin master
To https://github.com/ana18900/-SI_2024_lab1_196091.git
 ! [rejected]        master -> master (fetch first)
error: failed to push some refs to 'https://github.com/ana18900/-SI_2024_lab1_196091.git'
hint: Updates were rejected because the remote contains work that you do not
hint: have locally. This is usually caused by another repository pushing to
hint: the same ref. If you want to integrate the remote changes, use
hint: 'git pull' before pushing again.
hint: See the 'Note about fast-forwards' in 'git push --help' for details.

C:\Users\Ana\Documents\SI_2024_lab1_196091>git pull origin master
remote: Enumerating objects: 3, done.
remote: Counting objects: 100% (3/3), done.
remote: Total 2 (delta 0), reused 0 (delta 0), pack-reused 0
Unpacking objects: 100% (2/2), 843 bytes | 9.00 KiB/s, done.
From https://github.com/ana18900/-SI_2024_lab1_196091
 * branch            master     -> FETCH_HEAD
   a69b35e..3320047  master     -> origin/master
fatal: refusing to merge unrelated histories

C:\Users\Ana\Documents\SI_2024_lab1_196091>git fetch origin master
From https://github.com/ana18900/-SI_2024_lab1_196091
 * branch            master     -> FETCH_HEAD

C:\Users\Ana\Documents\SI_2024_lab1_196091>git push
fatal: The current branch master has no upstream branch.
To push the current branch and set the remote as upstream, use

    git push --set-upstream origin master

To have this happen automatically for branches without a tracking
upstream, see 'push.autoSetupRemote' in 'git help config'.


C:\Users\Ana\Documents\SI_2024_lab1_196091>git push --set-upstream origin master
To https://github.com/ana18900/-SI_2024_lab1_196091.git
 ! [rejected]        master -> master (non-fast-forward)
error: failed to push some refs to 'https://github.com/ana18900/-SI_2024_lab1_196091.git'
hint: Updates were rejected because the tip of your current branch is behind
hint: its remote counterpart. If you want to integrate the remote changes,
hint: use 'git pull' before pushing again.
hint: See the 'Note about fast-forwards' in 'git push --help' for details.

C:\Users\Ana\Documents\SI_2024_lab1_196091>
C:\Users\Ana\Documents\SI_2024_lab1_196091>git pull -SI_2024_lab1_196091
There is no tracking information for the current branch.
Please specify which branch you want to merge with.
See git-pull(1) for details.

    git pull <remote> <branch>

If you wish to set tracking information for this branch you can do so with:

    git branch --set-upstream-to=origin/<branch> master


C:\Users\Ana\Documents\SI_2024_lab1_196091>git branch --set-upstream-to=origin/-SI_2024_lab1_196091 master
fatal: the requested upstream branch 'origin/-SI_2024_lab1_196091' does not exist
hint:
hint: If you are planning on basing your work on an upstream
hint: branch that already exists at the remote, you may need to
hint: run "git fetch" to retrieve it.
hint:
hint: If you are planning to push out a new local branch that
hint: will track its remote counterpart, you may want to use
hint: "git push -u" to set the upstream config as you push.
hint: Disable this message with "git config advice.setUpstreamFailure false"

C:\Users\Ana\Documents\SI_2024_lab1_196091>git fetch

C:\Users\Ana\Documents\SI_2024_lab1_196091>git push -u
fatal: The current branch master has no upstream branch.
To push the current branch and set the remote as upstream, use

    git push --set-upstream origin master

To have this happen automatically for branches without a tracking
upstream, see 'push.autoSetupRemote' in 'git help config'.


C:\Users\Ana\Documents\SI_2024_lab1_196091>git push --force origin master
Enumerating objects: 3, done.
Counting objects: 100% (3/3), done.
Writing objects: 100% (3/3), 246 bytes | 61.00 KiB/s, done.
Total 3 (delta 0), reused 0 (delta 0), pack-reused 0
To https://github.com/ana18900/-SI_2024_lab1_196091.git
 + 3320047...388a769 master -> master (forced update)

C:\Users\Ana\Documents\SI_2024_lab1_196091>
C:\Users\Ana\Documents\SI_2024_lab1_196091>git add Преземете ги следните три фајлови (линк1, линк2, линк3) и додадете ги во
fatal: pathspec 'Преземете' did not match any files

C:\Users\Ana\Documents\SI_2024_lab1_196091>локалниот репозиториум. Направете commit со порака Add starter code.
'локалниот' is not recognized as an internal or external command,
operable program or batch file.

C:\Users\Ana\Documents\SI_2024_lab1_196091>git add https://github.com/stefanandonov/SI_2024/blob/master/SILab1Main.java
fatal: pathspec 'https://github.com/stefanandonov/SI_2024/blob/master/SILab1Main.java' did not match any files

C:\Users\Ana\Documents\SI_2024_lab1_196091>git add SILab1Main.java

C:\Users\Ana\Documents\SI_2024_lab1_196091>git add SILab1_1.java

C:\Users\Ana\Documents\SI_2024_lab1_196091>git add SILab1_2.java

C:\Users\Ana\Documents\SI_2024_lab1_196091>git commit -m " Add starter code"
[master 1a6990c]  Add starter code
 3 files changed, 50 insertions(+)
 create mode 100644 SILab1Main.java
 create mode 100644 SILab1_1.java
 create mode 100644 SILab1_2.java

C:\Users\Ana\Documents\SI_2024_lab1_196091>git status
On branch master
nothing to commit, working tree clean

C:\Users\Ana\Documents\SI_2024_lab1_196091>git log
commit 1a6990ced1ca58b2070e4636119fff11042591b5 (HEAD -> master)
Author: ana18900 <anajovcevska7@yahoo.com>
Date:   Mon Mar 25 21:21:45 2024 +0100

     Add starter code

commit 388a769c131cfb3ea5834cdf24664ab0f863dd7d (origin/master)
Author: Ana <anajovcevska7@yahoo.com>
Date:   Mon Mar 25 20:50:25 2024 +0100

     Initial commit

C:\Users\Ana\Documents\SI_2024_lab1_196091>git diff

C:\Users\Ana\Documents\SI_2024_lab1_196091>git remote -v
origin  https://github.com/ana18900/-SI_2024_lab1_196091.git (fetch)
origin  https://github.com/ana18900/-SI_2024_lab1_196091.git (push)

C:\Users\Ana\Documents\SI_2024_lab1_196091>git log
commit 1a6990ced1ca58b2070e4636119fff11042591b5 (HEAD -> master)
Author: ana18900 <anajovcevska7@yahoo.com>
Date:   Mon Mar 25 21:21:45 2024 +0100

     Add starter code

commit 388a769c131cfb3ea5834cdf24664ab0f863dd7d (origin/master)
Author: Ana <anajovcevska7@yahoo.com>
Date:   Mon Mar 25 20:50:25 2024 +0100

     Initial commit

C:\Users\Ana\Documents\SI_2024_lab1_196091>git log -SI_2024_lab1_196091

C:\Users\Ana\Documents\SI_2024_lab1_196091>git push -u origin master
Enumerating objects: 6, done.
Counting objects: 100% (6/6), done.
Delta compression using up to 4 threads
Compressing objects: 100% (5/5), done.
Writing objects: 100% (5/5), 942 bytes | 471.00 KiB/s, done.
Total 5 (delta 0), reused 0 (delta 0), pack-reused 0
To https://github.com/ana18900/-SI_2024_lab1_196091.git
   388a769..1a6990c  master -> master
branch 'master' set up to track 'origin/master'.


C:\Users\Ana\Documents\SI_2024_lab1_196091>git status
On branch master
Your branch is up to date with 'origin/master'.

nothing to commit, working tree clean

C:\Users\Ana\Documents\SI_2024_lab1_196091>git log
commit 1a6990ced1ca58b2070e4636119fff11042591b5 (HEAD -> master, origin/master)
Author: ana18900 <anajovcevska7@yahoo.com>
Date:   Mon Mar 25 21:21:45 2024 +0100

     Add starter code

commit 388a769c131cfb3ea5834cdf24664ab0f863dd7d
Author: Ana <anajovcevska7@yahoo.com>
Date:   Mon Mar 25 20:50:25 2024 +0100

     Initial commit

C:\Users\Ana\Documents\SI_2024_lab1_196091>git push --all origin
Everything up-to-date

C:\Users\Ana\Documents\SI_2024_lab1_196091>git status
On branch master
Your branch is up to date with 'origin/master'.

Changes not staged for commit:
  (use "git add <file>..." to update what will be committed)
  (use "git restore <file>..." to discard changes in working directory)
        modified:   SILab1_1.java
        modified:   SILab1_2.java

no changes added to commit (use "git add" and/or "git commit -a")

C:\Users\Ana\Documents\SI_2024_lab1_196091>git checkout -b bug1
Switched to a new branch 'bug1'

C:\Users\Ana\Documents\SI_2024_lab1_196091>git status
On branch bug1
Changes not staged for commit:
  (use "git add <file>..." to update what will be committed)
  (use "git restore <file>..." to discard changes in working directory)
        modified:   SILab1_1.java
        modified:   SILab1_2.java

no changes added to commit (use "git add" and/or "git commit -a")

C:\Users\Ana\Documents\SI_2024_lab1_196091>git checkout master
Switched to branch 'master'
M       SILab1_1.java
M       SILab1_2.java
Your branch is up to date with 'origin/master'.

C:\Users\Ana\Documents\SI_2024_lab1_196091>git checkout -b bug2
Switched to a new branch 'bug2'

C:\Users\Ana\Documents\SI_2024_lab1_196091>git status
On branch bug2
Changes not staged for commit:
  (use "git add <file>..." to update what will be committed)
  (use "git restore <file>..." to discard changes in working directory)
        modified:   SILab1_1.java
        modified:   SILab1_2.java

no changes added to commit (use "git add" and/or "git commit -a")

C:\Users\Ana\Documents\SI_2024_lab1_196091>git checkout bug1
Switched to branch 'bug1'
M       SILab1_1.java
M       SILab1_2.java

C:\Users\Ana\Documents\SI_2024_lab1_196091>git status
On branch bug1
Changes not staged for commit:
  (use "git add <file>..." to update what will be committed)
  (use "git restore <file>..." to discard changes in working directory)
        modified:   SILab1_1.java
        modified:   SILab1_2.java

no changes added to commit (use "git add" and/or "git commit -a")

C:\Users\Ana\Documents\SI_2024_lab1_196091>git status
On branch bug1
Changes not staged for commit:
  (use "git add <file>..." to update what will be committed)
  (use "git restore <file>..." to discard changes in working directory)
        modified:   SILab1_1.java
        modified:   SILab1_2.java

no changes added to commit (use "git add" and/or "git commit -a")

C:\Users\Ana\Documents\SI_2024_lab1_196091>git add SILab1_1.java

C:\Users\Ana\Documents\SI_2024_lab1_196091>git commit -m " Fix wrong condition in filterOddLengthStrings"
[bug1 f127052]  Fix wrong condition in filterOddLengthStrings
 1 file changed, 1 insertion(+), 1 deletion(-)

C:\Users\Ana\Documents\SI_2024_lab1_196091>git checkout bug2
Switched to branch 'bug2'
M       SILab1_2.java

C:\Users\Ana\Documents\SI_2024_lab1_196091>git add SILab1_2.java

C:\Users\Ana\Documents\SI_2024_lab1_196091>git commit -m "Fix wrong condition in makeBigStringFrom"
[bug2 1c5ef6e] Fix wrong condition in makeBigStringFrom
 1 file changed, 1 insertion(+), 1 deletion(-)

C:\Users\Ana\Documents\SI_2024_lab1_196091>git checkout bug1
Switched to branch 'bug1'

C:\Users\Ana\Documents\SI_2024_lab1_196091>git status
On branch bug1
nothing to commit, working tree clean

C:\Users\Ana\Documents\SI_2024_lab1_196091>git status
On branch bug1
Changes not staged for commit:
  (use "git add <file>..." to update what will be committed)
  (use "git restore <file>..." to discard changes in working directory)
        modified:   SILab1Main.java

no changes added to commit (use "git add" and/or "git commit -a")

C:\Users\Ana\Documents\SI_2024_lab1_196091>git add SILab1Main.java

C:\Users\Ana\Documents\SI_2024_lab1_196091>git commit -m "Call method filterOddLengthStrings in main class"
[bug1 fbf91a8] Call method filterOddLengthStrings in main class
 1 file changed, 1 insertion(+)

C:\Users\Ana\Documents\SI_2024_lab1_196091>git checkout bug2
Switched to branch 'bug2'

C:\Users\Ana\Documents\SI_2024_lab1_196091>git status
On branch bug2
nothing to commit, working tree clean

C:\Users\Ana\Documents\SI_2024_lab1_196091>git status
On branch bug2
Changes not staged for commit:
  (use "git add <file>..." to update what will be committed)
  (use "git restore <file>..." to discard changes in working directory)
        modified:   SILab1Main.java

no changes added to commit (use "git add" and/or "git commit -a")

C:\Users\Ana\Documents\SI_2024_lab1_196091>git add SILab1Main.java

C:\Users\Ana\Documents\SI_2024_lab1_196091>git commit -m "Call method makeBigStringFrom in main class"
[bug2 4728ed5] Call method makeBigStringFrom in main class
 1 file changed, 1 insertion(+)

C:\Users\Ana\Documents\SI_2024_lab1_196091>git push --all origin
Enumerating objects: 16, done.
Counting objects: 100% (16/16), done.
Delta compression using up to 4 threads
Compressing objects: 100% (12/12), done.
Writing objects: 100% (12/12), 1.32 KiB | 675.00 KiB/s, done.
Total 12 (delta 7), reused 0 (delta 0), pack-reused 0
remote: Resolving deltas: 100% (7/7), completed with 4 local objects.
To https://github.com/ana18900/-SI_2024_lab1_196091.git
 * [new branch]      bug1 -> bug1
 * [new branch]      bug2 -> bug2

C:\Users\Ana\Documents\SI_2024_lab1_196091>git checkout master
Switched to branch 'master'
Your branch is up to date with 'origin/master'.

C:\Users\Ana\Documents\SI_2024_lab1_196091>git status
On branch master
Your branch is up to date with 'origin/master'.

nothing to commit, working tree clean

C:\Users\Ana\Documents\SI_2024_lab1_196091>git branch
  bug1
  bug2
* master

C:\Users\Ana\Documents\SI_2024_lab1_196091>git status
On branch master
Your branch is up to date with 'origin/master'.

nothing to commit, working tree clean

C:\Users\Ana\Documents\SI_2024_lab1_196091>git merge bug1
Updating 1a6990c..fbf91a8
Fast-forward
 SILab1Main.java | 1 +
 SILab1_1.java   | 2 +-
 2 files changed, 2 insertions(+), 1 deletion(-)

C:\Users\Ana\Documents\SI_2024_lab1_196091>git push --all origin
Total 0 (delta 0), reused 0 (delta 0), pack-reused 0
To https://github.com/ana18900/-SI_2024_lab1_196091.git
   1a6990c..fbf91a8  master -> master

C:\Users\Ana\Documents\SI_2024_lab1_196091>git checkout bug2
Switched to branch 'bug2'

C:\Users\Ana\Documents\SI_2024_lab1_196091>git rebase master
Auto-merging SILab1Main.java
CONFLICT (content): Merge conflict in SILab1Main.java
error: could not apply 4728ed5... Call method makeBigStringFrom in main class
hint: Resolve all conflicts manually, mark them as resolved with
hint: "git add/rm <conflicted_files>", then run "git rebase --continue".
hint: You can instead skip this commit: run "git rebase --skip".
hint: To abort and get back to the state before "git rebase", run "git rebase --abort".
Could not apply 4728ed5... Call method makeBigStringFrom in main class

C:\Users\Ana\Documents\SI_2024_lab1_196091>git status
interactive rebase in progress; onto fbf91a8
Last commands done (2 commands done):
   pick 1c5ef6e Fix wrong condition in makeBigStringFrom
   pick 4728ed5 Call method makeBigStringFrom in main class
No commands remaining.
You are currently rebasing branch 'bug2' on 'fbf91a8'.
  (fix conflicts and then run "git rebase --continue")
  (use "git rebase --skip" to skip this patch)
  (use "git rebase --abort" to check out the original branch)

Unmerged paths:
  (use "git restore --staged <file>..." to unstage)
  (use "git add <file>..." to mark resolution)
        both modified:   SILab1Main.java

no changes added to commit (use "git add" and/or "git commit -a")

C:\Users\Ana\Documents\SI_2024_lab1_196091>git add SILab1Main.java

C:\Users\Ana\Documents\SI_2024_lab1_196091>git rebase --continue
[detached HEAD a097e90] Call method makeBigStringFrom in main class
 1 file changed, 3 insertions(+), 1 deletion(-)
Successfully rebased and updated refs/heads/bug2.

C:\Users\Ana\Documents\SI_2024_lab1_196091>git checkout master
Switched to branch 'master'
Your branch is up to date with 'origin/master'.

C:\Users\Ana\Documents\SI_2024_lab1_196091>git status
On branch master
Your branch is up to date with 'origin/master'.

nothing to commit, working tree clean

C:\Users\Ana\Documents\SI_2024_lab1_196091>git merge bug2
Updating fbf91a8..a097e90
Fast-forward
 SILab1Main.java | 4 +++-
 SILab1_2.java   | 2 +-
 2 files changed, 4 insertions(+), 2 deletions(-)

C:\Users\Ana\Documents\SI_2024_lab1_196091>git push --all origin
Enumerating objects: 9, done.
Counting objects: 100% (9/9), done.
Delta compression using up to 4 threads
Compressing objects: 100% (6/6), done.
Writing objects: 100% (6/6), 688 bytes | 688.00 KiB/s, done.
Total 6 (delta 4), reused 0 (delta 0), pack-reused 0
remote: Resolving deltas: 100% (4/4), completed with 3 local objects.
To https://github.com/ana18900/-SI_2024_lab1_196091.git
   fbf91a8..a097e90  master -> master
 ! [rejected]        bug2 -> bug2 (non-fast-forward)
error: failed to push some refs to 'https://github.com/ana18900/-SI_2024_lab1_196091.git'
hint: Updates were rejected because a pushed branch tip is behind its remote
hint: counterpart. If you want to integrate the remote changes, use 'git pull'
hint: before pushing again.
hint: See the 'Note about fast-forwards' in 'git push --help' for details.

C:\Users\Ana\Documents\SI_2024_lab1_196091>git pull
Already up to date.

C:\Users\Ana\Documents\SI_2024_lab1_196091>git push --all origin
To https://github.com/ana18900/-SI_2024_lab1_196091.git
 ! [rejected]        bug2 -> bug2 (non-fast-forward)
error: failed to push some refs to 'https://github.com/ana18900/-SI_2024_lab1_196091.git'
hint: Updates were rejected because a pushed branch tip is behind its remote
hint: counterpart. If you want to integrate the remote changes, use 'git pull'
hint: before pushing again.
hint: See the 'Note about fast-forwards' in 'git push --help' for details.

C:\Users\Ana\Documents\SI_2024_lab1_196091>git checkout master
Already on 'master'
Your branch is up to date with 'origin/master'.

C:\Users\Ana\Documents\SI_2024_lab1_196091>git pull origin master
From https://github.com/ana18900/-SI_2024_lab1_196091
 * branch            master     -> FETCH_HEAD
Already up to date.

C:\Users\Ana\Documents\SI_2024_lab1_196091>git checkout bug2
Switched to branch 'bug2'

C:\Users\Ana\Documents\SI_2024_lab1_196091>git merge master
Already up to date.

C:\Users\Ana\Documents\SI_2024_lab1_196091>git push origin bug2
To https://github.com/ana18900/-SI_2024_lab1_196091.git
 ! [rejected]        bug2 -> bug2 (non-fast-forward)
error: failed to push some refs to 'https://github.com/ana18900/-SI_2024_lab1_196091.git'
hint: Updates were rejected because the tip of your current branch is behind
hint: its remote counterpart. If you want to integrate the remote changes,
hint: use 'git pull' before pushing again.
hint: See the 'Note about fast-forwards' in 'git push --help' for details.

C:\Users\Ana\Documents\SI_2024_lab1_196091>git push -f origin bug2
Total 0 (delta 0), reused 0 (delta 0), pack-reused 0
To https://github.com/ana18900/-SI_2024_lab1_196091.git
 + 4728ed5...a097e90 bug2 -> bug2 (forced update)

C:\Users\Ana\Documents\SI_2024_lab1_196091>git checkout bug1
Switched to branch 'bug1'

C:\Users\Ana\Documents\SI_2024_lab1_196091>git push --all origin
Everything up-to-date

C:\Users\Ana\Documents\SI_2024_lab1_196091>git status
On branch bug1
nothing to commit, working tree clean